../Core/Src/main.c:38:6:microDelay	16	static
../Core/Src/main.c:43:9:DHT11_Start	40	static
../Core/Src/main.c:76:5:main	8	static
../Core/Src/main.c:133:6:SystemClock_Config	96	static
../Core/Src/main.c:176:13:MX_CRC_Init	8	static
../Core/Src/main.c:206:13:MX_I2C2_Init	8	static
../Core/Src/main.c:254:13:MX_TIM1_Init	32	static
../Core/Src/main.c:300:13:MX_TIM3_Init	64	static
../Core/Src/main.c:358:13:MX_TIM6_Init	8	static
../Core/Src/main.c:388:13:MX_TIM14_Init	8	static
../Core/Src/main.c:419:13:MX_USART1_UART_Init	8	static
../Core/Src/main.c:454:13:MX_USART2_UART_Init	8	static
../Core/Src/main.c:489:13:MX_GPIO_Init	56	static
../Core/Src/main.c:549:6:Error_Handler	8	static,ignoring_inline_asm
